[2026-06-18T11:42:26.973Z] GET https://docs.risechain.com/docs/risex/onboarding/account-setup → pending (?ms, ?B)
[2026-06-18T11:42:29.228Z] GET https://docs.risechain.com/_next/static/media/0c89a48fa5027cee-s.p.4564287c.woff2 → pending (?ms, ?B)
[2026-06-18T11:42:29.228Z] GET https://docs.risechain.com/_next/static/media/387ee14c0e0fe675-s.p.90620992.woff2 → pending (?ms, ?B)
[2026-06-18T11:42:29.228Z] GET https://docs.risechain.com/_next/static/media/c825fd02acae0153-s.p.1692d83b.woff2 → pending (?ms, ?B)
[2026-06-18T11:42:29.228Z] GET https://docs.risechain.com/_next/static/chunks/7691cad410ea6413.css?dpl=dpl_GjFnPRy5LCQMNTPaah3j7p9oWRPG → 200 (283ms, 19104B)
[2026-06-18T11:42:29.228Z] GET https://docs.risechain.com/_next/static/chunks/fddb960ad2ed7df1.js?dpl=dpl_GjFnPRy5LCQMNTPaah3j7p9oWRPG → pending (?ms, ?B)
[2026-06-18T11:42:29.228Z] GET https://docs.risechain.com/_next/static/chunks/566b5497d59bccba.js?dpl=dpl_GjFnPRy5LCQMNTPaah3j7p9oWRPG → pending (?ms, ?B)
[2026-06-18T11:42:29.228Z] GET https://docs.risechain.com/_next/static/chunks/25ef16b69a31e3e7.js?dpl=dpl_GjFnPRy5LCQMNTPaah3j7p9oWRPG → pending (?ms, ?B)
[2026-06-18T11:42:29.228Z] GET https://docs.risechain.com/_next/static/chunks/a8d2b4ec58164805.js?dpl=dpl_GjFnPRy5LCQMNTPaah3j7p9oWRPG → 200 (553ms, 24006B)
[2026-06-18T11:42:29.228Z] GET https://docs.risechain.com/_next/static/chunks/turbopack-9b1a949b06bbe2e0.js?dpl=dpl_GjFnPRy5LCQMNTPaah3j7p9oWRPG → pending (?ms, ?B)
[2026-06-18T11:42:29.228Z] GET https://docs.risechain.com/_next/static/chunks/170530bdab6becd1.js?dpl=dpl_GjFnPRy5LCQMNTPaah3j7p9oWRPG → 200 (601ms, 12480B)
[2026-06-18T11:42:29.228Z] GET https://docs.risechain.com/_next/static/chunks/d96012bcfc98706a.js?dpl=dpl_GjFnPRy5LCQMNTPaah3j7p9oWRPG → pending (?ms, ?B)
[2026-06-18T11:42:29.228Z] GET https://docs.risechain.com/_next/static/chunks/d80b3790a119a285.js?dpl=dpl_GjFnPRy5LCQMNTPaah3j7p9oWRPG → 200 (662ms, 7393B)
[2026-06-18T11:42:29.228Z] GET https://docs.risechain.com/_next/static/chunks/3443bc76a9afd2bf.js?dpl=dpl_GjFnPRy5LCQMNTPaah3j7p9oWRPG → pending (?ms, ?B)
[2026-06-18T11:42:29.228Z] GET https://docs.risechain.com/_next/static/chunks/69713cfea993e5db.js?dpl=dpl_GjFnPRy5LCQMNTPaah3j7p9oWRPG → 200 (632ms, 8861B)
[2026-06-18T11:42:29.228Z] GET https://docs.risechain.com/_next/static/chunks/17b4a7ecdd7b2ce3.js?dpl=dpl_GjFnPRy5LCQMNTPaah3j7p9oWRPG → pending (?ms, ?B)
[2026-06-18T11:42:29.228Z] GET https://docs.risechain.com/_next/static/chunks/b0dc1ba5245094fc.js?dpl=dpl_GjFnPRy5LCQMNTPaah3j7p9oWRPG → pending (?ms, ?B)
[2026-06-18T11:42:29.229Z] GET https://docs.risechain.com/_next/static/chunks/aba6aeb3258f70b9.js?dpl=dpl_GjFnPRy5LCQMNTPaah3j7p9oWRPG → pending (?ms, ?B)
[2026-06-18T11:42:29.229Z] GET https://docs.risechain.com/_next/static/chunks/4dbc269fcd352672.js?dpl=dpl_GjFnPRy5LCQMNTPaah3j7p9oWRPG → pending (?ms, ?B)
[2026-06-18T11:42:29.229Z] GET https://docs.risechain.com/_next/static/chunks/8eabe90d1ed50aef.js?dpl=dpl_GjFnPRy5LCQMNTPaah3j7p9oWRPG → pending (?ms, ?B)
[2026-06-18T11:42:29.229Z] GET https://docs.risechain.com/_next/static/chunks/c49d7cfa30567d52.js?dpl=dpl_GjFnPRy5LCQMNTPaah3j7p9oWRPG → pending (?ms, ?B)
[2026-06-18T11:42:29.229Z] GET https://docs.risechain.com/_next/static/chunks/70f3ffb8c5e92f49.js?dpl=dpl_GjFnPRy5LCQMNTPaah3j7p9oWRPG → pending (?ms, ?B)
[2026-06-18T11:42:29.229Z] GET https://docs.risechain.com/_next/static/chunks/2f098d664d22a145.js?dpl=dpl_GjFnPRy5LCQMNTPaah3j7p9oWRPG → pending (?ms, ?B)
[2026-06-18T11:42:29.229Z] GET https://docs.risechain.com/_next/static/chunks/e232199aff8b0b9f.js?dpl=dpl_GjFnPRy5LCQMNTPaah3j7p9oWRPG → pending (?ms, ?B)
[2026-06-18T11:42:29.229Z] GET https://docs.risechain.com/_next/static/chunks/69b890093c46b2b5.js?dpl=dpl_GjFnPRy5LCQMNTPaah3j7p9oWRPG → pending (?ms, ?B)
[2026-06-18T11:42:29.686Z] GET https://docs.risechain.com/icons/rise-light.svg → pending (?ms, ?B)
[2026-06-18T11:42:29.690Z] GET https://docs.risechain.com/videos/Google%20Registration.mp4 → pending (?ms, ?B)
[2026-06-18T11:42:29.753Z] GET https://docs.risechain.com/videos/Google%20Registration.mp4 → pending (?ms, ?B)
[2026-06-18T11:42:29.801Z] GET https://docs.risechain.com/docs/risex/api/register-signer → pending (?ms, ?B)
[2026-06-18T11:42:30.586Z] GET https://docs.risechain.com/_next/static/chunks/0746f220c6891b21.js?dpl=dpl_GjFnPRy5LCQMNTPaah3j7p9oWRPG → pending (?ms, ?B)
[2026-06-18T11:42:30.586Z] GET https://docs.risechain.com/_next/static/chunks/61672b651aeeebd7.js?dpl=dpl_GjFnPRy5LCQMNTPaah3j7p9oWRPG → pending (?ms, ?B)
[2026-06-18T11:42:30.586Z] GET https://docs.risechain.com/_next/static/chunks/2197645d8fd47366.js?dpl=dpl_GjFnPRy5LCQMNTPaah3j7p9oWRPG → pending (?ms, ?B)
[2026-06-18T11:42:30.876Z] GET https://docs.risechain.com/_next/static/media/0c89a48fa5027cee-s.p.4564287c.woff2 → 200 (?ms, -592B)
[2026-06-18T11:42:30.876Z] GET https://docs.risechain.com/_next/static/media/387ee14c0e0fe675-s.p.90620992.woff2 → 200 (?ms, -592B)
[2026-06-18T11:42:30.877Z] GET https://docs.risechain.com/_next/static/media/c825fd02acae0153-s.p.1692d83b.woff2 → 200 (?ms, -592B)
[2026-06-18T11:42:30.877Z] GET https://docs.risechain.com/_next/static/chunks/7691cad410ea6413.css?dpl=dpl_GjFnPRy5LCQMNTPaah3j7p9oWRPG → 200 (?ms, -555B)
[2026-06-18T11:42:30.878Z] GET https://docs.risechain.com/_next/static/chunks/fddb960ad2ed7df1.js?dpl=dpl_GjFnPRy5LCQMNTPaah3j7p9oWRPG → 200 (?ms, -567B)
[2026-06-18T11:42:30.878Z] GET https://docs.risechain.com/_next/static/chunks/566b5497d59bccba.js?dpl=dpl_GjFnPRy5LCQMNTPaah3j7p9oWRPG → 200 (?ms, -567B)
[2026-06-18T11:42:30.878Z] GET https://docs.risechain.com/_next/static/chunks/25ef16b69a31e3e7.js?dpl=dpl_GjFnPRy5LCQMNTPaah3j7p9oWRPG → 200 (?ms, -567B)
[2026-06-18T11:42:30.878Z] GET https://docs.risechain.com/_next/static/chunks/a8d2b4ec58164805.js?dpl=dpl_GjFnPRy5LCQMNTPaah3j7p9oWRPG → 200 (?ms, -567B)
[2026-06-18T11:42:30.879Z] GET https://docs.risechain.com/_next/static/chunks/turbopack-9b1a949b06bbe2e0.js?dpl=dpl_GjFnPRy5LCQMNTPaah3j7p9oWRPG → 200 (?ms, -587B)
[2026-06-18T11:42:30.879Z] GET https://docs.risechain.com/_next/static/chunks/170530bdab6becd1.js?dpl=dpl_GjFnPRy5LCQMNTPaah3j7p9oWRPG → 200 (?ms, -567B)
[2026-06-18T11:42:30.879Z] GET https://docs.risechain.com/_next/static/chunks/d96012bcfc98706a.js?dpl=dpl_GjFnPRy5LCQMNTPaah3j7p9oWRPG → 200 (?ms, -586B)
[2026-06-18T11:42:30.879Z] GET https://docs.risechain.com/_next/static/chunks/d80b3790a119a285.js?dpl=dpl_GjFnPRy5LCQMNTPaah3j7p9oWRPG → 200 (?ms, -567B)
[2026-06-18T11:42:30.879Z] GET https://docs.risechain.com/_next/static/chunks/3443bc76a9afd2bf.js?dpl=dpl_GjFnPRy5LCQMNTPaah3j7p9oWRPG → 200 (1ms, -567B)
[2026-06-18T11:42:30.880Z] GET https://docs.risechain.com/_next/static/chunks/69713cfea993e5db.js?dpl=dpl_GjFnPRy5LCQMNTPaah3j7p9oWRPG → 200 (?ms, -567B)
[2026-06-18T11:42:30.880Z] GET https://docs.risechain.com/_next/static/chunks/17b4a7ecdd7b2ce3.js?dpl=dpl_GjFnPRy5LCQMNTPaah3j7p9oWRPG → 200 (?ms, -567B)
[2026-06-18T11:42:30.880Z] GET https://docs.risechain.com/_next/static/chunks/b0dc1ba5245094fc.js?dpl=dpl_GjFnPRy5LCQMNTPaah3j7p9oWRPG → 200 (?ms, -567B)
[2026-06-18T11:42:30.880Z] GET https://docs.risechain.com/_next/static/chunks/aba6aeb3258f70b9.js?dpl=dpl_GjFnPRy5LCQMNTPaah3j7p9oWRPG → 200 (?ms, -567B)
[2026-06-18T11:42:30.880Z] GET https://docs.risechain.com/_next/static/chunks/4dbc269fcd352672.js?dpl=dpl_GjFnPRy5LCQMNTPaah3j7p9oWRPG → 200 (?ms, -567B)
[2026-06-18T11:42:30.881Z] GET https://docs.risechain.com/_next/static/chunks/8eabe90d1ed50aef.js?dpl=dpl_GjFnPRy5LCQMNTPaah3j7p9oWRPG → 200 (?ms, -567B)
[2026-06-18T11:42:30.881Z] GET https://docs.risechain.com/_next/static/chunks/c49d7cfa30567d52.js?dpl=dpl_GjFnPRy5LCQMNTPaah3j7p9oWRPG → 200 (?ms, -567B)
[2026-06-18T11:42:30.881Z] GET https://docs.risechain.com/_next/static/chunks/70f3ffb8c5e92f49.js?dpl=dpl_GjFnPRy5LCQMNTPaah3j7p9oWRPG → 200 (?ms, -567B)
[2026-06-18T11:42:30.881Z] GET https://docs.risechain.com/_next/static/chunks/2f098d664d22a145.js?dpl=dpl_GjFnPRy5LCQMNTPaah3j7p9oWRPG → 200 (?ms, -567B)
[2026-06-18T11:42:30.881Z] GET https://docs.risechain.com/_next/static/chunks/e232199aff8b0b9f.js?dpl=dpl_GjFnPRy5LCQMNTPaah3j7p9oWRPG → 200 (?ms, -567B)
[2026-06-18T11:42:30.882Z] GET https://docs.risechain.com/_next/static/chunks/69b890093c46b2b5.js?dpl=dpl_GjFnPRy5LCQMNTPaah3j7p9oWRPG → 200 (?ms, -567B)
[2026-06-18T11:42:30.901Z] GET https://docs.risechain.com/icons/rise-light.svg → pending (?ms, ?B)
[2026-06-18T11:42:30.902Z] GET https://docs.risechain.com/_next/static/chunks/0746f220c6891b21.js?dpl=dpl_GjFnPRy5LCQMNTPaah3j7p9oWRPG → pending (?ms, ?B)
[2026-06-18T11:42:30.902Z] GET https://docs.risechain.com/_next/static/chunks/61672b651aeeebd7.js?dpl=dpl_GjFnPRy5LCQMNTPaah3j7p9oWRPG → pending (?ms, ?B)
[2026-06-18T11:42:30.902Z] GET https://docs.risechain.com/_next/static/chunks/2197645d8fd47366.js?dpl=dpl_GjFnPRy5LCQMNTPaah3j7p9oWRPG → pending (?ms, ?B)
[2026-06-18T11:42:31.405Z] GET https://docs.risechain.com/docs/cookbook?_rsc=10r3c → pending (?ms, ?B)
[2026-06-18T11:42:31.405Z] GET https://docs.risechain.com/docs/rise-wallet?_rsc=10r3c → pending (?ms, ?B)
[2026-06-18T11:42:31.406Z] GET https://docs.risechain.com/docs/builders?_rsc=10r3c → pending (?ms, ?B)
[2026-06-18T11:42:31.406Z] GET https://docs.risechain.com/docs/risex/about/overview?_rsc=10r3c → pending (?ms, ?B)
[2026-06-18T11:42:32.119Z] GET https://docs.risechain.com/docs/rise-evm?_rsc=10r3c → 200 (451ms, 1457B)
[2026-06-18T11:42:32.570Z] GET https://docs.risechain.com/?_rsc=10r3c → pending (?ms, ?B)
[2026-06-18T11:42:32.744Z] GET https://docs.risechain.com/docs/risex/api/important-notes?_rsc=10r3c → pending (?ms, ?B)
[2026-06-18T11:42:32.757Z] GET https://docs.risechain.com/docs/risex/api/order-rate-limits?_rsc=10r3c → pending (?ms, ?B)
[2026-06-18T11:42:32.795Z] GET https://docs.risechain.com/docs/risex/api/creating-permit-params?_rsc=10r3c → pending (?ms, ?B)
[2026-06-18T11:42:33.106Z] GET https://docs.risechain.com/docs/risex/api/register-signer?_rsc=10r3c → 200 (429ms, 1736B)
[2026-06-18T11:42:33.228Z] GET https://docs.risechain.com/docs/risex/api?_rsc=10r3c → 200 (420ms, 1873B)
[2026-06-18T11:42:33.228Z] GET https://docs.risechain.com/?_rsc=1fqz8 → 200 (289ms, 980B)
[2026-06-18T11:42:33.228Z] GET https://docs.risechain.com/?_rsc=17t6k → 200 (291ms, 1252B)
[2026-06-18T11:42:33.518Z] GET https://docs.risechain.com/?_rsc=lzzfj → 200 (285ms, 2200B)
[2026-06-18T11:42:33.535Z] GET https://docs.risechain.com/?_rsc=1ecqa → 200 (316ms, 692B)
[2026-06-18T11:42:33.850Z] GET https://docs.risechain.com/_next/static/chunks/16a2c177992d3add.js?dpl=dpl_GjFnPRy5LCQMNTPaah3j7p9oWRPG → pending (?ms, ?B)
[2026-06-18T11:42:33.850Z] GET https://docs.risechain.com/_next/static/chunks/0f1f1692573a6e14.js?dpl=dpl_GjFnPRy5LCQMNTPaah3j7p9oWRPG → pending (?ms, ?B)
[2026-06-18T11:42:33.850Z] GET https://docs.risechain.com/_next/static/chunks/64ef5767ccf1ff24.js?dpl=dpl_GjFnPRy5LCQMNTPaah3j7p9oWRPG → pending (?ms, ?B)
[2026-06-18T11:42:33.852Z] GET https://docs.risechain.com/_next/static/chunks/745d21c884ba0b41.js?dpl=dpl_GjFnPRy5LCQMNTPaah3j7p9oWRPG → pending (?ms, ?B)
